// Jest Snapshot v1, https://goo.gl/fbAQLP

exports[`SearchMain should match snapshot 1`] = `
ShallowWrapper {
  "length": 1,
  Symbol(enzyme.__root__): [Circular],
  Symbol(enzyme.__unrendered__): <SearchMain
    addEvents={[Function]}
    location={
        Object {
            "address": "Denver, CO, USA",
            "coordinates": Object {
              "lat": 39.7392358,
              "lng": -104.990251,
            },
          }
    }
    onSearch={[Function]}
    removeSearch={[Function]}
/>,
  Symbol(enzyme.__renderer__): Object {
    "batchedUpdates": [Function],
    "getNode": [Function],
    "render": [Function],
    "simulateEvent": [Function],
    "unmount": [Function],
  },
  Symbol(enzyme.__node__): Object {
    "instance": null,
    "key": undefined,
    "nodeType": "host",
    "props": Object {
      "children": <form
        onSubmit={[Function]}
>
        <input
                className="input-search"
                name="eventSearch"
                onChange={[Function]}
                placeholder="Find events in your area"
                type="text"
                value=""
        />
        <input
                className="input-location"
                name="location"
                onChange={[Function]}
                placeholder="Where?"
                type="text"
                value="Denver, CO, USA"
        />
        <button>
                SEARCH
        </button>
</form>,
      "className": "SearchMain",
    },
    "ref": null,
    "rendered": Object {
      "instance": null,
      "key": undefined,
      "nodeType": "host",
      "props": Object {
        "children": Array [
          <input
            className="input-search"
            name="eventSearch"
            onChange={[Function]}
            placeholder="Find events in your area"
            type="text"
            value=""
/>,
          <input
            className="input-location"
            name="location"
            onChange={[Function]}
            placeholder="Where?"
            type="text"
            value="Denver, CO, USA"
/>,
          <button>
            SEARCH
</button>,
        ],
        "onSubmit": [Function],
      },
      "ref": null,
      "rendered": Array [
        Object {
          "instance": null,
          "key": undefined,
          "nodeType": "host",
          "props": Object {
            "className": "input-search",
            "name": "eventSearch",
            "onChange": [Function],
            "placeholder": "Find events in your area",
            "type": "text",
            "value": "",
          },
          "ref": null,
          "rendered": null,
          "type": "input",
        },
        Object {
          "instance": null,
          "key": undefined,
          "nodeType": "host",
          "props": Object {
            "className": "input-location",
            "name": "location",
            "onChange": [Function],
            "placeholder": "Where?",
            "type": "text",
            "value": "Denver, CO, USA",
          },
          "ref": null,
          "rendered": null,
          "type": "input",
        },
        Object {
          "instance": null,
          "key": undefined,
          "nodeType": "host",
          "props": Object {
            "children": "SEARCH",
          },
          "ref": null,
          "rendered": "SEARCH",
          "type": "button",
        },
      ],
      "type": "form",
    },
    "type": "div",
  },
  Symbol(enzyme.__nodes__): Array [
    Object {
      "instance": null,
      "key": undefined,
      "nodeType": "host",
      "props": Object {
        "children": <form
          onSubmit={[Function]}
>
          <input
                    className="input-search"
                    name="eventSearch"
                    onChange={[Function]}
                    placeholder="Find events in your area"
                    type="text"
                    value=""
          />
          <input
                    className="input-location"
                    name="location"
                    onChange={[Function]}
                    placeholder="Where?"
                    type="text"
                    value="Denver, CO, USA"
          />
          <button>
                    SEARCH
          </button>
</form>,
        "className": "SearchMain",
      },
      "ref": null,
      "rendered": Object {
        "instance": null,
        "key": undefined,
        "nodeType": "host",
        "props": Object {
          "children": Array [
            <input
              className="input-search"
              name="eventSearch"
              onChange={[Function]}
              placeholder="Find events in your area"
              type="text"
              value=""
/>,
            <input
              className="input-location"
              name="location"
              onChange={[Function]}
              placeholder="Where?"
              type="text"
              value="Denver, CO, USA"
/>,
            <button>
              SEARCH
</button>,
          ],
          "onSubmit": [Function],
        },
        "ref": null,
        "rendered": Array [
          Object {
            "instance": null,
            "key": undefined,
            "nodeType": "host",
            "props": Object {
              "className": "input-search",
              "name": "eventSearch",
              "onChange": [Function],
              "placeholder": "Find events in your area",
              "type": "text",
              "value": "",
            },
            "ref": null,
            "rendered": null,
            "type": "input",
          },
          Object {
            "instance": null,
            "key": undefined,
            "nodeType": "host",
            "props": Object {
              "className": "input-location",
              "name": "location",
              "onChange": [Function],
              "placeholder": "Where?",
              "type": "text",
              "value": "Denver, CO, USA",
            },
            "ref": null,
            "rendered": null,
            "type": "input",
          },
          Object {
            "instance": null,
            "key": undefined,
            "nodeType": "host",
            "props": Object {
              "children": "SEARCH",
            },
            "ref": null,
            "rendered": "SEARCH",
            "type": "button",
          },
        ],
        "type": "form",
      },
      "type": "div",
    },
  ],
  Symbol(enzyme.__options__): Object {
    "adapter": ReactSixteenAdapter {
      "options": Object {
        "enableComponentDidUpdateOnSetState": true,
      },
    },
  },
}
`;
