// Jest Snapshot v1, https://goo.gl/fbAQLP

exports[`NavCategories should match snapshot 1`] = `
ShallowWrapper {
  "length": 1,
  Symbol(enzyme.__root__): [Circular],
  Symbol(enzyme.__unrendered__): <NavCategories
    addEvents={[Function]}
    location={
        Object {
            "address": "Denver, CO, USA",
            "coordinates": Object {
              "lat": 39.7392358,
              "lng": -104.990251,
            },
          }
    }
/>,
  Symbol(enzyme.__renderer__): Object {
    "batchedUpdates": [Function],
    "getNode": [Function],
    "render": [Function],
    "simulateEvent": [Function],
    "unmount": [Function],
  },
  Symbol(enzyme.__node__): Object {
    "instance": null,
    "key": undefined,
    "nodeType": "host",
    "props": Object {
      "children": Array [
        <NavLink
          activeClassName="active"
          ariaCurrent="true"
          className="a-category"
          to="/home/music"
>
          <button>
                    MUSIC
          </button>
</NavLink>,
        <NavLink
          activeClassName="active"
          ariaCurrent="true"
          className="a-category"
          to="/home/food"
>
          <button>
                    FOOD
          </button>
</NavLink>,
        <NavLink
          activeClassName="active"
          ariaCurrent="true"
          className="a-category"
          to="/home/culture"
>
          <button>
                    CULTURE
          </button>
</NavLink>,
        <NavLink
          activeClassName="active"
          ariaCurrent="true"
          className="a-category"
          to="/home/nightlife"
>
          <button>
                    NIGHTLIFE
          </button>
</NavLink>,
      ],
      "className": "NavCategories",
    },
    "ref": null,
    "rendered": Array [
      Object {
        "instance": null,
        "key": undefined,
        "nodeType": "function",
        "props": Object {
          "activeClassName": "active",
          "ariaCurrent": "true",
          "children": <button>
            MUSIC
</button>,
          "className": "a-category",
          "to": "/home/music",
        },
        "ref": null,
        "rendered": Object {
          "instance": null,
          "key": undefined,
          "nodeType": "host",
          "props": Object {
            "children": "MUSIC",
          },
          "ref": null,
          "rendered": "MUSIC",
          "type": "button",
        },
        "type": [Function],
      },
      Object {
        "instance": null,
        "key": undefined,
        "nodeType": "function",
        "props": Object {
          "activeClassName": "active",
          "ariaCurrent": "true",
          "children": <button>
            FOOD
</button>,
          "className": "a-category",
          "to": "/home/food",
        },
        "ref": null,
        "rendered": Object {
          "instance": null,
          "key": undefined,
          "nodeType": "host",
          "props": Object {
            "children": "FOOD",
          },
          "ref": null,
          "rendered": "FOOD",
          "type": "button",
        },
        "type": [Function],
      },
      Object {
        "instance": null,
        "key": undefined,
        "nodeType": "function",
        "props": Object {
          "activeClassName": "active",
          "ariaCurrent": "true",
          "children": <button>
            CULTURE
</button>,
          "className": "a-category",
          "to": "/home/culture",
        },
        "ref": null,
        "rendered": Object {
          "instance": null,
          "key": undefined,
          "nodeType": "host",
          "props": Object {
            "children": "CULTURE",
          },
          "ref": null,
          "rendered": "CULTURE",
          "type": "button",
        },
        "type": [Function],
      },
      Object {
        "instance": null,
        "key": undefined,
        "nodeType": "function",
        "props": Object {
          "activeClassName": "active",
          "ariaCurrent": "true",
          "children": <button>
            NIGHTLIFE
</button>,
          "className": "a-category",
          "to": "/home/nightlife",
        },
        "ref": null,
        "rendered": Object {
          "instance": null,
          "key": undefined,
          "nodeType": "host",
          "props": Object {
            "children": "NIGHTLIFE",
          },
          "ref": null,
          "rendered": "NIGHTLIFE",
          "type": "button",
        },
        "type": [Function],
      },
    ],
    "type": "nav",
  },
  Symbol(enzyme.__nodes__): Array [
    Object {
      "instance": null,
      "key": undefined,
      "nodeType": "host",
      "props": Object {
        "children": Array [
          <NavLink
            activeClassName="active"
            ariaCurrent="true"
            className="a-category"
            to="/home/music"
>
            <button>
                        MUSIC
            </button>
</NavLink>,
          <NavLink
            activeClassName="active"
            ariaCurrent="true"
            className="a-category"
            to="/home/food"
>
            <button>
                        FOOD
            </button>
</NavLink>,
          <NavLink
            activeClassName="active"
            ariaCurrent="true"
            className="a-category"
            to="/home/culture"
>
            <button>
                        CULTURE
            </button>
</NavLink>,
          <NavLink
            activeClassName="active"
            ariaCurrent="true"
            className="a-category"
            to="/home/nightlife"
>
            <button>
                        NIGHTLIFE
            </button>
</NavLink>,
        ],
        "className": "NavCategories",
      },
      "ref": null,
      "rendered": Array [
        Object {
          "instance": null,
          "key": undefined,
          "nodeType": "function",
          "props": Object {
            "activeClassName": "active",
            "ariaCurrent": "true",
            "children": <button>
              MUSIC
</button>,
            "className": "a-category",
            "to": "/home/music",
          },
          "ref": null,
          "rendered": Object {
            "instance": null,
            "key": undefined,
            "nodeType": "host",
            "props": Object {
              "children": "MUSIC",
            },
            "ref": null,
            "rendered": "MUSIC",
            "type": "button",
          },
          "type": [Function],
        },
        Object {
          "instance": null,
          "key": undefined,
          "nodeType": "function",
          "props": Object {
            "activeClassName": "active",
            "ariaCurrent": "true",
            "children": <button>
              FOOD
</button>,
            "className": "a-category",
            "to": "/home/food",
          },
          "ref": null,
          "rendered": Object {
            "instance": null,
            "key": undefined,
            "nodeType": "host",
            "props": Object {
              "children": "FOOD",
            },
            "ref": null,
            "rendered": "FOOD",
            "type": "button",
          },
          "type": [Function],
        },
        Object {
          "instance": null,
          "key": undefined,
          "nodeType": "function",
          "props": Object {
            "activeClassName": "active",
            "ariaCurrent": "true",
            "children": <button>
              CULTURE
</button>,
            "className": "a-category",
            "to": "/home/culture",
          },
          "ref": null,
          "rendered": Object {
            "instance": null,
            "key": undefined,
            "nodeType": "host",
            "props": Object {
              "children": "CULTURE",
            },
            "ref": null,
            "rendered": "CULTURE",
            "type": "button",
          },
          "type": [Function],
        },
        Object {
          "instance": null,
          "key": undefined,
          "nodeType": "function",
          "props": Object {
            "activeClassName": "active",
            "ariaCurrent": "true",
            "children": <button>
              NIGHTLIFE
</button>,
            "className": "a-category",
            "to": "/home/nightlife",
          },
          "ref": null,
          "rendered": Object {
            "instance": null,
            "key": undefined,
            "nodeType": "host",
            "props": Object {
              "children": "NIGHTLIFE",
            },
            "ref": null,
            "rendered": "NIGHTLIFE",
            "type": "button",
          },
          "type": [Function],
        },
      ],
      "type": "nav",
    },
  ],
  Symbol(enzyme.__options__): Object {
    "adapter": ReactSixteenAdapter {
      "options": Object {
        "enableComponentDidUpdateOnSetState": true,
      },
    },
  },
}
`;
