// Jest Snapshot v1, https://goo.gl/fbAQLP

exports[`Header should match snapshot 1`] = `
ShallowWrapper {
  "length": 1,
  Symbol(enzyme.__root__): [Circular],
  Symbol(enzyme.__unrendered__): <Header />,
  Symbol(enzyme.__renderer__): Object {
    "batchedUpdates": [Function],
    "getNode": [Function],
    "render": [Function],
    "simulateEvent": [Function],
    "unmount": [Function],
  },
  Symbol(enzyme.__node__): Object {
    "instance": null,
    "key": undefined,
    "nodeType": "host",
    "props": Object {
      "children": Array [
        <h1>
          <NavLink
                    activeClassName="active"
                    ariaCurrent="true"
                    to="/home"
          >
                    THE KNOW
          </NavLink>
</h1>,
        <div
          className="header-link-cont"
>
          <div
                    className="header-link-box"
          >
                    <NavLink
                              activeClassName="active"
                              ariaCurrent="true"
                              to="/home/favorites"
                    >
                              FAVORITES
                    </NavLink>
          </div>
</div>,
      ],
      "className": "Header",
    },
    "ref": null,
    "rendered": Array [
      Object {
        "instance": null,
        "key": undefined,
        "nodeType": "host",
        "props": Object {
          "children": <NavLink
            activeClassName="active"
            ariaCurrent="true"
            to="/home"
>
            THE KNOW
</NavLink>,
        },
        "ref": null,
        "rendered": Object {
          "instance": null,
          "key": undefined,
          "nodeType": "function",
          "props": Object {
            "activeClassName": "active",
            "ariaCurrent": "true",
            "children": "THE KNOW",
            "to": "/home",
          },
          "ref": null,
          "rendered": "THE KNOW",
          "type": [Function],
        },
        "type": "h1",
      },
      Object {
        "instance": null,
        "key": undefined,
        "nodeType": "host",
        "props": Object {
          "children": <div
            className="header-link-box"
>
            <NavLink
                        activeClassName="active"
                        ariaCurrent="true"
                        to="/home/favorites"
            >
                        FAVORITES
            </NavLink>
</div>,
          "className": "header-link-cont",
        },
        "ref": null,
        "rendered": Object {
          "instance": null,
          "key": undefined,
          "nodeType": "host",
          "props": Object {
            "children": <NavLink
              activeClassName="active"
              ariaCurrent="true"
              to="/home/favorites"
>
              FAVORITES
</NavLink>,
            "className": "header-link-box",
          },
          "ref": null,
          "rendered": Object {
            "instance": null,
            "key": undefined,
            "nodeType": "function",
            "props": Object {
              "activeClassName": "active",
              "ariaCurrent": "true",
              "children": "FAVORITES",
              "to": "/home/favorites",
            },
            "ref": null,
            "rendered": "FAVORITES",
            "type": [Function],
          },
          "type": "div",
        },
        "type": "div",
      },
    ],
    "type": "header",
  },
  Symbol(enzyme.__nodes__): Array [
    Object {
      "instance": null,
      "key": undefined,
      "nodeType": "host",
      "props": Object {
        "children": Array [
          <h1>
            <NavLink
                        activeClassName="active"
                        ariaCurrent="true"
                        to="/home"
            >
                        THE KNOW
            </NavLink>
</h1>,
          <div
            className="header-link-cont"
>
            <div
                        className="header-link-box"
            >
                        <NavLink
                                    activeClassName="active"
                                    ariaCurrent="true"
                                    to="/home/favorites"
                        >
                                    FAVORITES
                        </NavLink>
            </div>
</div>,
        ],
        "className": "Header",
      },
      "ref": null,
      "rendered": Array [
        Object {
          "instance": null,
          "key": undefined,
          "nodeType": "host",
          "props": Object {
            "children": <NavLink
              activeClassName="active"
              ariaCurrent="true"
              to="/home"
>
              THE KNOW
</NavLink>,
          },
          "ref": null,
          "rendered": Object {
            "instance": null,
            "key": undefined,
            "nodeType": "function",
            "props": Object {
              "activeClassName": "active",
              "ariaCurrent": "true",
              "children": "THE KNOW",
              "to": "/home",
            },
            "ref": null,
            "rendered": "THE KNOW",
            "type": [Function],
          },
          "type": "h1",
        },
        Object {
          "instance": null,
          "key": undefined,
          "nodeType": "host",
          "props": Object {
            "children": <div
              className="header-link-box"
>
              <NavLink
                            activeClassName="active"
                            ariaCurrent="true"
                            to="/home/favorites"
              >
                            FAVORITES
              </NavLink>
</div>,
            "className": "header-link-cont",
          },
          "ref": null,
          "rendered": Object {
            "instance": null,
            "key": undefined,
            "nodeType": "host",
            "props": Object {
              "children": <NavLink
                activeClassName="active"
                ariaCurrent="true"
                to="/home/favorites"
>
                FAVORITES
</NavLink>,
              "className": "header-link-box",
            },
            "ref": null,
            "rendered": Object {
              "instance": null,
              "key": undefined,
              "nodeType": "function",
              "props": Object {
                "activeClassName": "active",
                "ariaCurrent": "true",
                "children": "FAVORITES",
                "to": "/home/favorites",
              },
              "ref": null,
              "rendered": "FAVORITES",
              "type": [Function],
            },
            "type": "div",
          },
          "type": "div",
        },
      ],
      "type": "header",
    },
  ],
  Symbol(enzyme.__options__): Object {
    "adapter": ReactSixteenAdapter {
      "options": Object {
        "enableComponentDidUpdateOnSetState": true,
      },
    },
  },
}
`;
